ATTACHED 2026-09-20T02:30:04.122275Z
2026-09-20T02:30:14.046013Z ENTER getExtractedText args=[request=instance of android.view.inputmethod.ExtractedTextRequest(id=5)] buffer="" spans=[]
2026-09-20T02:30:14.090224Z EXIT  getExtractedText result=null buffer="" spans=[]
2026-09-20T02:30:14.103844Z ENTER beginBatchEdit args=[] buffer="" spans=[]
2026-09-20T02:30:14.114043Z EXIT  beginBatchEdit result=false buffer="" spans=[]
2026-09-20T02:30:14.125250Z ENTER setComposingText args=[] buffer="" spans=[]
2026-09-20T02:30:14.137283Z EXIT  setComposingText result=true buffer="n" spans=[]
2026-09-20T02:30:14.146586Z ENTER endBatchEdit args=[] buffer="n" spans=[]
2026-09-20T02:30:14.155823Z EXIT  endBatchEdit result=false buffer="n" spans=[]
2026-09-20T02:30:14.165974Z ENTER getTextBeforeCursor args=[] buffer="n" spans=[]
2026-09-20T02:30:14.179540Z EXIT  getTextBeforeCursor result="" buffer="n" spans=[]
2026-09-20T02:30:15.226921Z ENTER beginBatchEdit args=[] buffer="n" spans=[]
2026-09-20T02:30:15.235764Z EXIT  beginBatchEdit result=false buffer="n" spans=[]
2026-09-20T02:30:15.245653Z ENTER finishComposingText args=[] buffer="n" spans=[]
2026-09-20T02:30:15.274089Z EXIT  finishComposingText result=true buffer="" spans=[]
2026-09-20T02:30:15.283913Z ENTER endBatchEdit args=[] buffer="" spans=[]
2026-09-20T02:30:15.292665Z EXIT  endBatchEdit result=false buffer="" spans=[]
2026-09-20T02:30:15.304365Z ENTER getExtractedText args=[request=instance of android.view.inputmethod.ExtractedTextRequest(id=28)] buffer="" spans=[]
2026-09-20T02:30:15.313131Z EXIT  getExtractedText result=null buffer="" spans=[]
2026-09-20T02:30:15.403035Z ENTER beginBatchEdit args=[] buffer="" spans=[]
2026-09-20T02:30:15.413092Z EXIT  beginBatchEdit result=false buffer="" spans=[]
2026-09-20T02:30:15.438050Z ENTER setComposingText args=[] buffer="" spans=[]
Ignoring cmd 38/199/1 from the VM
2026-09-20T02:30:15.449735Z EXIT  setComposingText result=true buffer="ni" spans=[]
2026-09-20T02:30:15.459740Z ENTER endBatchEdit args=[] buffer="ni" spans=[]
2026-09-20T02:30:15.467522Z EXIT  endBatchEdit result=false buffer="ni" spans=[]
2026-09-20T02:30:15.476150Z ENTER getTextBeforeCursor args=[] buffer="ni" spans=[]
2026-09-20T02:30:15.485788Z EXIT  getTextBeforeCursor result="" buffer="ni" spans=[]
2026-09-20T02:30:16.526425Z ENTER getTextBeforeCursor args=[] buffer="ni" spans=[]
2026-09-20T02:30:16.536893Z EXIT  getTextBeforeCursor result="" buffer="ni" spans=[]
2026-09-20T02:30:16.547710Z ENTER getTextAfterCursor args=[] buffer="ni" spans=[]
2026-09-20T02:30:16.558300Z EXIT  getTextAfterCursor result="ni" buffer="ni" spans=[]
2026-09-20T02:30:16.569211Z ENTER beginBatchEdit args=[] buffer="ni" spans=[]
2026-09-20T02:30:16.577625Z EXIT  beginBatchEdit result=false buffer="ni" spans=[]
2026-09-20T02:30:16.586868Z ENTER getExtractedText args=[request=instance of android.view.inputmethod.ExtractedTextRequest(id=30)] buffer="ni" spans=[]
2026-09-20T02:30:16.594439Z EXIT  getExtractedText result=null buffer="ni" spans=[]
2026-09-20T02:30:16.604884Z ENTER commitText args=[] buffer="ni" spans=[]
2026-09-20T02:30:16.629281Z EXIT  commitText result=true buffer="" spans=[]
2026-09-20T02:30:16.638428Z ENTER commitText args=[] buffer="" spans=[]
2026-09-20T02:30:16.648761Z EXIT  commitText result=true buffer="" spans=[]
2026-09-20T02:30:16.659610Z ENTER getExtractedText args=[request=instance of android.view.inputmethod.ExtractedTextRequest(id=31)] buffer="" spans=[]
2026-09-20T02:30:16.667577Z EXIT  getExtractedText result=null buffer="" spans=[]
2026-09-20T02:30:16.795645Z ENTER setSelection args=[] buffer="" spans=[]
2026-09-20T02:30:16.820141Z EXIT  setSelection result=true buffer="" spans=[]
2026-09-20T02:30:16.828413Z ENTER endBatchEdit args=[] buffer="" spans=[]
2026-09-20T02:30:16.836133Z EXIT  endBatchEdit result=false buffer="" spans=[]
2026-09-20T02:30:16.844401Z ENTER getTextBeforeCursor args=[] buffer="" spans=[]
2026-09-20T02:30:16.853557Z EXIT  getTextBeforeCursor result="" buffer="" spans=[]
2026-09-20T02:30:16.899464Z ENTER getTextAfterCursor args=[] buffer="" spans=[]
2026-09-20T02:30:16.909394Z EXIT  getTextAfterCursor result="" buffer="" spans=[]
2026-09-20T02:30:17.052573Z ENTER getTextBeforeCursor args=[] buffer="" spans=[]
2026-09-20T02:30:17.076192Z EXIT  getTextBeforeCursor result="" buffer="" spans=[]
2026-09-20T02:31:10.853775Z ENTER closeConnection args=[] buffer="" spans=[]
2026-09-20T02:31:10.902022Z ENTER finishComposingText args=[] buffer="" spans=[]
2026-09-20T02:31:10.934625Z EXIT  finishComposingText result=true buffer="" spans=[]
2026-09-20T02:31:10.984667Z EXIT  closeConnection result=<void value> buffer="" spans=[]
Ignoring cmd 107/199/1 from the VM
